Microchip MPLAB XC8 Compiler V1.41 ()

Linker command line:

-W-3 --edf=D:\Program Files\Microchip\xc8\v1.41\dat\en_msgs.txt -cs \
  -h+dist/default/production\ZoomedAquariumM2.X.production.sym \
  --cmf=dist/default/production\ZoomedAquariumM2.X.production.cmf -z \
  -Q16F18345 -oC:\Users\liruya\AppData\Local\Temp\sf4k.2 \
  -Mdist/default/production/ZoomedAquariumM2.X.production.map -E1 -ver=XC8 \
  -ASTACK=020DEh-0237ah -pstack=STACK -ACODE=00h-07FFhx4 \
  -ASTRCODE=00h-01FFFh -ASTRING=00h-0FFhx32 -ACONST=00h-0FFhx32 \
  -AENTRY=00h-0FFhx32 -ACOMMON=070h-07Fh -ABANK0=020h-06Fh \
  -ABANK1=0A0h-0EFh -ABANK2=0120h-016Fh -ABANK3=01A0h-01EFh \
  -ABANK4=0220h-026Fh -ABANK5=02A0h-02EFh -ABANK6=0320h-036Fh \
  -ABANK7=03A0h-03EFh -ABANK8=0420h-046Fh -ABANK9=04A0h-04EFh \
  -ABANK10=0520h-056Fh -ABANK11=05A0h-05EFh -ABANK12=0620h-064Fh \
  -ABIGRAM=02000h-023EFh \
  -ARAM=020h-06Fh,0A0h-0EFh,0120h-016Fh,01A0h-01EFh,0220h-026Fh,02A0h-02EFh,0320h-036Fh,03A0h-03EFh,0420h-046Fh,04A0h-04EFh,0520h-056Fh,05A0h-05EFh,0620h-064Fh \
  -AABS1=020h-07Fh,0A0h-0EFh,0120h-016Fh,01A0h-01EFh,0220h-026Fh,02A0h-02EFh,0320h-036Fh,03A0h-03EFh,0420h-046Fh,04A0h-04EFh,0520h-056Fh,05A0h-05EFh,0620h-064Fh \
  -ASFR0=00h-01Fh -ASFR1=080h-09Fh -ASFR2=0100h-011Fh -ASFR3=0180h-019Fh \
  -ASFR4=0200h-021Fh -ASFR5=0280h-029Fh -ASFR6=0300h-031Fh \
  -ASFR7=0380h-039Fh -ASFR8=0400h-041Fh -ASFR9=0480h-049Fh \
  -ASFR10=0500h-051Fh -ASFR11=0580h-059Fh -ASFR12=0600h-061Fh \
  -ASFR13=0680h-06EFh -ASFR14=0700h-076Fh -ASFR15=0780h-07EFh \
  -ASFR16=0800h-086Fh -ASFR17=0880h-08EFh -ASFR18=0900h-096Fh \
  -ASFR19=0980h-09EFh -ASFR20=0A00h-0A6Fh -ASFR21=0A80h-0AEFh \
  -ASFR22=0B00h-0B6Fh -ASFR23=0B80h-0BEFh -ASFR24=0C00h-0C6Fh \
  -ASFR25=0C80h-0CEFh -ASFR26=0D00h-0D6Fh -ASFR27=0D80h-0DEFh \
  -ASFR28=0E00h-0E6Fh -ASFR29=0E80h-0EEFh -ASFR30=0F00h-0F6Fh \
  -ASFR31=0F80h-0FEFh -preset_vec=00h,intentry=04h,init,end_init \
  -ppowerup=CODE -pcinit=CODE -pfunctab=CODE -ACONFIG=08007h-0800Ah \
  -pconfig=CONFIG -DCONFIG=2 -AIDLOC=08000h-08003h -pidloc=IDLOC -DIDLOC=2 \
  -AEEDATA=00h-0FFh/0F000h -peeprom_data=EEDATA -DEEDATA=2 -DCODE=2 \
  -DSTRCODE=2 -DSTRING=2 -DCONST=2 -DENTRY=2 -k \
  C:\Users\liruya\AppData\Local\Temp\sf4k.obj \
  dist/default/production\ZoomedAquariumM2.X.production.obj 

Object code version is 3.11

Machine type is 16F18345



                Name                               Link     Load   Length Selector   Space Scale
C:\Users\liruya\AppData\Local\Temp\sf4k.obj
                end_init                             2E       2E        2        8       0
                reset_vec                             0        0        2        0       0
                config                             8007     8007        4    1000E       0
dist/default/production\ZoomedAquariumM2.X.production.obj
                cinit                               82F      82F      7D1     105E       0
                intentry                              4        4       2A        8       0
                text106                             7E1      7E1       17        8       0
                text105                            116D     116D       16     22DA       0
                text104                            10DD     10DD        C     21BA       0
                text99                             10E9     10E9        C     21D2       0
                text75                               30       30      775        8       0
                text74                             10F5     10F5        C     21EA       0
                text70                              7A5      7A5       3C        8       0
                text69                             1101     1101        C     2202       0
                text58                             1183     1183       24     2306       0
                text57                             1125     1125       12     224A       0
                text56                             1137     1137       12     226E       0
                text55                             1149     1149       12     2292       0
                text54                             115B     115B       12     22B6       0
                text35                             11A7     11A7      659     234E       0
                cstackBANK0                          20       20       20       20       1
                cstackCOMMON                         70       70        E       70       1
                cstackBANK2                         140      140       14      120       1
                clrtext                            110D     110D        C     221A       0
                inittext                           1119     1119        C     2232       0
                dataBANK2                           154      154        A      120       1
                bssBANK2                            120      120       20      120       1
                dataBANK1                            A0       A0       28       A0       1
                bssBANK1                             C8       C8       1C       A0       1
                bssBANK0                             40       40       1E       20       1
                nvBANK1                              E4       E4        8       A0       1
                nvBANK0                              5E       5E        1       20       1
                stringtext                         1800     1800        A     3000       0
                idataBANK2                         10D3     10D3        A     21A6       0
                idataBANK1                          807      807       28     100E       0

TOTAL           Name                               Link     Load   Length     Space
        CLASS   STACK          

        CLASS   CODE           
                end_init                             2E       2E        2         0
                cinit                               82F      82F      7D1         0
                intentry                              4        4       2A         0
                reset_vec                             0        0        2         0
                text106                             7E1      7E1       17         0
                text105                            116D     116D       16         0
                text104                            10DD     10DD        C         0
                text99                             10E9     10E9        C         0
                text75                               30       30      775         0
                text74                             10F5     10F5        C         0
                text70                              7A5      7A5       3C         0
                text69                             1101     1101        C         0
                text58                             1183     1183       24         0
                text57                             1125     1125       12         0
                text56                             1137     1137       12         0
                text55                             1149     1149       12         0
                text54                             115B     115B       12         0
                text35                             11A7     11A7      659         0
                clrtext                            110D     110D        C         0
                inittext                           1119     1119        C         0
                idataBANK2                         10D3     10D3        A         0
                idataBANK1                          807      807       28         0

        CLASS   STRCODE        
                stringtext                         1800     1800        A         0

        CLASS   STRING         

        CLASS   CONST          

        CLASS   ENTRY          

        CLASS   COMMON         
                cstackCOMMON                         70       70        E         1

        CLASS   BANK0          
                cstackBANK0                          20       20       20         1
                bssBANK0                             40       40       1E         1
                nvBANK0                              5E       5E        1         1

        CLASS   BANK1          
                dataBANK1                            A0       A0       28         1
                bssBANK1                             C8       C8       1C         1
                nvBANK1                              E4       E4        8         1

        CLASS   BANK2          
                cstackBANK2                         140      140       14         1
                dataBANK2                           154      154        A         1
                bssBANK2                            120      120       20         1

        CLASS   BANK3          

        CLASS   BANK4          

        CLASS   BANK5          

        CLASS   BANK6          

        CLASS   BANK7          

        CLASS   BANK8          

        CLASS   BANK9          

        CLASS   BANK10         

        CLASS   BANK11         

        CLASS   BANK12         

        CLASS   BIGRAM         

        CLASS   RAM            

        CLASS   ABS1           
                abs_s1                               7E       7E        2         1
                abs_s1                              5AB      5AB       45         1
                abs_s1                              620      620       30         1
                abs_s1                             237B     237B        0         1

        CLASS   SFR0           

        CLASS   SFR1           

        CLASS   SFR2           

        CLASS   SFR3           

        CLASS   SFR4           

        CLASS   SFR5           

        CLASS   SFR6           

        CLASS   SFR7           

        CLASS   SFR8           

        CLASS   SFR9           

        CLASS   SFR10          

        CLASS   SFR11          

        CLASS   SFR12          

        CLASS   SFR13          

        CLASS   SFR14          

        CLASS   SFR15          

        CLASS   SFR16          

        CLASS   SFR17          

        CLASS   SFR18          

        CLASS   SFR19          

        CLASS   SFR20          

        CLASS   SFR21          

        CLASS   SFR22          

        CLASS   SFR23          

        CLASS   SFR24          

        CLASS   SFR25          

        CLASS   SFR26          

        CLASS   SFR27          

        CLASS   SFR28          

        CLASS   SFR29          

        CLASS   SFR30          

        CLASS   SFR31          

        CLASS   CONFIG         
                config                             8007     8007        4         0

        CLASS   IDLOC          

        CLASS   EEDATA         

        CLASS   BANK31         

        CLASS   BANK30         

        CLASS   BANK29         

        CLASS   BANK28         

        CLASS   BANK27         

        CLASS   BANK26         

        CLASS   BANK25         

        CLASS   BANK24         

        CLASS   BANK23         

        CLASS   BANK22         

        CLASS   BANK21         

        CLASS   BANK20         

        CLASS   BANK19         

        CLASS   BANK18         

        CLASS   BANK17         

        CLASS   BANK16         

        CLASS   BANK15         

        CLASS   BANK14         

        CLASS   BANK13         



SEGMENTS        Name                           Load    Length   Top    Selector   Space  Class     Delta

                reset_vec                      000000  000002  000002         0       0  CODE        2
                intentry                       000004  0007F4  0007F8         8       0  CODE        2
                cstackBANK0                    000020  00003F  00005F        20       1  BANK0       1
                cstackCOMMON                   000070  00000E  00007E        70       1  COMMON      1
                dataBANK1                      0000A0  00004C  0000EC        A0       1  BANK1       1
                bssBANK2                       000120  00003E  00015E       120       1  BANK2       1
                idataBANK1                     000807  000028  00082F      100E       0  CODE        2
                cinit                          00082F  0007D1  001000      105E       0  CODE        2
                idataBANK2                     0010D3  00000A  0010DD      21A6       0  CODE        2
                text104                        0010DD  00000C  0010E9      21BA       0  CODE        2
                text99                         0010E9  00000C  0010F5      21D2       0  CODE        2
                text74                         0010F5  00000C  001101      21EA       0  CODE        2
                text69                         001101  00000C  00110D      2202       0  CODE        2
                clrtext                        00110D  00000C  001119      221A       0  CODE        2
                inittext                       001119  00000C  001125      2232       0  CODE        2
                text57                         001125  000012  001137      224A       0  CODE        2
                text56                         001137  000012  001149      226E       0  CODE        2
                text55                         001149  000012  00115B      2292       0  CODE        2
                text54                         00115B  000012  00116D      22B6       0  CODE        2
                text105                        00116D  000016  001183      22DA       0  CODE        2
                text58                         001183  000024  0011A7      2306       0  CODE        2
                text35                         0011A7  000659  001800      234E       0  CODE        2
                stringtext                     001800  00000A  00180A      3000       0  STRCODE     2
                config                         008007  000004  00800B     1000E       0  CONFIG      2


UNUSED ADDRESS RANGES

        Name                Unused          Largest block    Delta
        BANK0            0005F-0006F              11           1
        BANK1            000EC-000EF               4           1
        BANK10           00520-0056F              50           1
        BANK11           005A0-005AA               B           1
        BANK2            0015E-0016F              12           1
        BANK3            001A0-001EF              50           1
        BANK4            00220-0026F              50           1
        BANK5            002A0-002EF              50           1
        BANK6            00320-0036F              50           1
        BANK7            003A0-003EF              50           1
        BANK8            00420-0046F              50           1
        BANK9            004A0-004EF              50           1
        BIGRAM           02000-023EF             3F0           1
        CODE             00002-00003               2           2
                         007F8-00806               8
                         01000-010D2              D3
                         0180A-01FFF             7F6
        CONST            00002-00003               2           2
                         007F8-00806               8
                         01000-010D2              D3
                         0180A-01FFF             100
        EEDATA           0F000-0F0FF             100           2
        ENTRY            00002-00003               2           2
                         007F8-00806               8
                         01000-010D2              D3
                         0180A-01FFF             100
        IDLOC            08000-08003               4           2
        RAM              0005F-0006F              11           1
                         000EC-000EF               4
                         0015E-0016F              12
                         001A0-001EF              50
                         00220-0026F              50
                         002A0-002EF              50
                         00320-0036F              50
                         003A0-003EF              50
                         00420-0046F              50
                         004A0-004EF              50
                         00520-0056F              50
                         005A0-005AA               B
        SFR0             00000-0001F              20           1
        SFR1             00080-0009F              20           1
        SFR10            00500-0051F              20           1
        SFR11            00580-0059F              20           1
        SFR12            00600-0061F              20           1
        SFR13            00680-006EF              70           1
        SFR14            00700-0076F              70           1
        SFR15            00780-007EF              70           1
        SFR16            00800-0086F              70           1
        SFR17            00880-008EF              70           1
        SFR18            00900-0096F              70           1
        SFR19            00980-009EF              70           1
        SFR2             00100-0011F              20           1
        SFR20            00A00-00A6F              70           1
        SFR21            00A80-00AEF              70           1
        SFR22            00B00-00B6F              70           1
        SFR23            00B80-00BEF              70           1
        SFR24            00C00-00C6F              70           1
        SFR25            00C80-00CEF              70           1
        SFR26            00D00-00D6F              70           1
        SFR27            00D80-00DEF              70           1
        SFR28            00E00-00E6F              70           1
        SFR29            00E80-00EEF              70           1
        SFR3             00180-0019F              20           1
        SFR30            00F00-00F6F              70           1
        SFR31            00F80-00FEF              70           1
        SFR4             00200-0021F              20           1
        SFR5             00280-0029F              20           1
        SFR6             00300-0031F              20           1
        SFR7             00380-0039F              20           1
        SFR8             00400-0041F              20           1
        SFR9             00480-0049F              20           1
        STACK            020DE-0237A             29D           1
        STRCODE          00002-00003               2           2
                         007F8-00806               F
                         01000-010D2              D3
                         0180A-01FFF             7F6
        STRING           00002-00003               2           2
                         007F8-00806               8
                         01000-010D2              D3
                         0180A-01FFF             100

                                  Symbol Table

?_ADC_Conversion                        cstackBANK0  0002D
?___wmul                                cstackBANK0  0002D
?i1___wmul                              cstackCOMMON 00070
ADC_Conversion@chn                      cstackBANK0  00030
Audio_GetValue@cnt                      bssBANK0     00044
Audio_GetValue@max                      bssBANK0     00048
Audio_GetValue@min                      bssBANK0     00046
Audio_GetValue@value                    cstackBANK0  00037
Audio_PlaySound@checksum                cstackCOMMON 00071
Audio_SelectSound@checksum              cstackCOMMON 00072
Audio_SelectSound@index                 cstackCOMMON 00071
Audio_SetPlayMode@checksum              cstackBANK0  0002F
Audio_SetPlayMode@type                  cstackBANK0  0002E
Audio_SetVolume@checksum                cstackBANK0  0002F
Audio_SetVolume@vol                     cstackBANK0  0002E
Audio_StopSound@checksum                cstackBANK0  0002E
DATAEE_ReadBuffer@addr                  cstackBANK0  0002F
DATAEE_ReadBuffer@buf                   cstackBANK0  00031
DATAEE_ReadBuffer@i                     cstackBANK0  00035
DATAEE_ReadBuffer@len                   cstackBANK0  00033
DATAEE_ReadByte@addr                    cstackBANK0  0002D
DATAEE_WriteBuffer@addr                 cstackBANK0  00031
DATAEE_WriteBuffer@buf                  cstackBANK0  00033
DATAEE_WriteBuffer@i                    cstackBANK0  00036
DATAEE_WriteBuffer@len                  cstackBANK0  00035
DATAEE_WriteByte@GIEBitValue            cstackBANK0  00030
DATAEE_WriteByte@addr                   cstackBANK0  0002D
DATAEE_WriteByte@byte                   cstackBANK0  0002F
EUSART_Write@byte                       cstackBANK0  0002D
IR_Decode@codeVal                       bssBANK0     00042
IR_Decode@hVal                          cstackCOMMON 0007A
IR_Decode@keyNum                        cstackCOMMON 00079
IR_Decode@nBit                          bssBANK0     0004D
IR_Decode@revKeyNum                     cstackCOMMON 00077
IR_Decode@rptCnt                        bssBANK0     0004C
IR_Decode@type                          cstackCOMMON 00078
IR_GetIndex@idx                         cstackBANK0  0002D
IR_GetIndex@keynum                      cstackBANK0  0002E
IR_GetKeyType@keynum                    cstackCOMMON 00072
IR_GetKeyType@result                    cstackCOMMON 00071
IR_IsValidTime@hour                     cstackBANK0  00033
IR_IsValidTime@len                      cstackBANK0  00030
IR_IsValidTime@min                      cstackBANK0  00031
IR_IsValidTime@result                   cstackBANK0  00032
IR_IsValidTime@tm                       cstackBANK0  00034
IR_KeyAction@i                          cstackBANK2  0014A
IR_KeyAction@i_1444                     cstackBANK2  0014B
IR_KeyAction@i_1445                     cstackBANK2  0014C
IR_KeyAction@i_1446                     cstackBANK2  0014F
IR_KeyAction@i_1447                     cstackBANK2  00150
IR_KeyAction@i_1448                     cstackBANK2  00151
IR_KeyAction@i_1449                     cstackBANK2  00152
IR_KeyAction@i_1452                     cstackBANK2  0014D
IR_KeyAction@i_1453                     cstackBANK2  0014E
IR_KeyAction@idx                        cstackBANK2  00153
IR_ScanLongPress@cnt                    bssBANK0     00040
IR_ScanLongPress@i                      cstackBANK0  00028
IR_ScanLongPress@i_1438                 cstackBANK0  00029
IR_ScanLongPress@idx                    cstackBANK0  0002A
Led_AutoRun@i                           cstackBANK0  0003B
Led_CheckAutoStatus@ct                  cstackBANK0  0003B
Led_CheckAutoStatus@i                   cstackBANK0  0003F
Led_CheckAutoStatus@i_1248              cstackBANK0  0003D
Led_CheckAutoStatus@i_1249              cstackBANK0  0003E
Led_CheckAutoStatus@sunrise             cstackBANK0  00037
Led_CheckAutoStatus@sunset              cstackBANK0  00039
Led_DynamicCloud@F8372                  dataBANK1    000A0
Led_DynamicCloud@duty                   cstackBANK0  00020
Led_DynamicCloud@i                      cstackBANK0  0002C
Led_DynamicCloud@ptp                    cstackCOMMON 00076
Led_DynamicCloud@val                    cstackBANK0  0002A
Led_DynamicMoon@F8362                   dataBANK1    000AA
Led_DynamicMoon@duty                    cstackBANK0  00020
Led_DynamicMoon@i                       cstackBANK0  0002C
Led_DynamicMoon@ptp                     cstackCOMMON 00076
Led_DynamicMoon@val                     cstackBANK0  0002A
Led_DynamicStorm@F8382                  dataBANK2    00154
Led_DynamicStorm@duty                   cstackBANK0  00020
Led_DynamicStorm@i                      cstackBANK0  0002C
Led_DynamicStorm@ptp                    cstackCOMMON 00076
Led_DynamicStorm@val                    cstackBANK0  0002A
Led_DynamicWave@F8352                   dataBANK1    000B4
Led_DynamicWave@duty                    cstackBANK0  00020
Led_DynamicWave@i                       cstackBANK0  0002C
Led_DynamicWave@ptp                     cstackCOMMON 00076
Led_DynamicWave@val                     cstackBANK0  0002A
Led_FirstPowerUp@i                      cstackBANK0  00033
Led_InitPara@i                          cstackBANK0  0003F
Led_InitPara@j                          cstackBANK0  0003E
Led_Initialize@ct                       cstackBANK0  0003A
Led_Initialize@i                        cstackBANK0  0003C
Led_Initialize@result                   cstackBANK0  00039
Led_Notice@cnt                          bssBANK0     00051
Led_Ramp@i                              cstackCOMMON 0007A
Led_Run@cnt                             bssBANK0     00050
Led_SetCustom@i                         cstackBANK0  00023
Led_SetCustom@idx                       cstackBANK0  00022
Led_SetCustom@pValue                    cstackCOMMON 00076
Led_SetCustom@value                     cstackBANK0  00020
Led_StartNotice@cnt                     cstackBANK0  0002E
Led_TurnOffRamp@i                       cstackBANK0  0002D
Led_TurnOnRamp@i                        cstackBANK0  00031
Led_UpdateBright@i                      cstackBANK0  00031
PIN_Initialize@state                    cstackBANK0  0002D
PL10                                    cinit        00F73
PL100                                   cinit        00E40
PL102                                   text75       00541
PL104                                   cinit        00E47
PL106                                   text75       00549
PL108                                   text75       00791
PL110                                   text35       017C9
PL112                                   text35       017D3
PL114                                   cinit        00E51
PL116                                   cinit        00E5B
PL118                                   cinit        00E65
PL12                                    text75       00788
PL120                                   text35       017DD
PL122                                   text75       0054F
PL124                                   text75       00557
PL126                                   text75       0055F
PL128                                   text75       00567
PL130                                   text75       0056F
PL132                                   text75       00577
PL134                                   text75       0057F
PL136                                   cinit        00E6B
PL138                                   text75       00587
PL14                                    text35       016D9
PL140                                   cinit        00E73
PL142                                   cinit        00E79
PL144                                   cinit        00E7F
PL146                                   cinit        00EE7
PL148                                   cinit        00E85
PL150                                   cinit        00E8B
PL152                                   text35       017E5
PL154                                   text75       0058F
PL156                                   text35       017EB
PL158                                   text35       017F1
PL16                                    text75       004C9
PL160                                   text35       017F6
PL162                                   text75       00796
PL164                                   cinit        00E90
PL166                                   text75       0079B
PL168                                   text75       007A0
PL170                                   cinit        00E95
PL172                                   text35       017FB
PL18                                    text35       016E2
PL2                                     cinit        00DCC
PL20                                    cinit        00DF0
PL22                                    cinit        00DFE
PL24                                    text75       004D8
PL26                                    cinit        00E06
PL28                                    text35       016EF
PL30                                    text35       016F6
PL32                                    text35       016FD
PL34                                    text35       01705
PL36                                    cinit        00E13
PL38                                    cinit        00F84
PL4                                     text35       016BE
PL40                                    text35       01721
PL42                                    text35       01737
PL44                                    text35       0174D
PL46                                    text35       01753
PL48                                    cinit        00E1A
PL50                                    text75       004E2
PL52                                    text75       004F4
PL54                                    text75       004FB
PL56                                    cinit        00E23
PL58                                    text75       00502
PL6                                     cinit        00DDF
PL60                                    text35       0175C
PL62                                    text35       0176C
PL64                                    text35       01776
PL66                                    text35       01787
PL68                                    cinit        00F9A
PL70                                    text75       00508
PL72                                    text35       01796
PL74                                    text35       017A3
PL76                                    text35       017A7
PL78                                    text35       017AB
PL8                                     text35       016CF
PL80                                    text75       00511
PL82                                    text75       0051D
PL84                                    text35       017B5
PL86                                    text35       017BB
PL88                                    cinit        00FA3
PL90                                    text75       00529
PL92                                    cinit        00E28
PL94                                    text75       00535
PL96                                    text35       017C2
PL98                                    cinit        00E34
PWM1_LoadDutyValue@dutyValue            cstackBANK0  0002D
PWM2_LoadDutyValue@dutyValue            cstackBANK0  0002D
PWM3_LoadDutyValue@dutyValue            cstackBANK0  0002D
PWM4_LoadDutyValue@dutyValue            cstackBANK0  0002D
PWM5_LoadDutyValue@dutyValue            cstackBANK0  0002D
TMR0_SetInterruptHandler@handler        cstackBANK0  0002D
TMR1_Gate_SetInterruptHandler@handler   cstackBANK0  0002D
TMR2_SetInterruptHandler@handler        cstackBANK0  0002D
TMR4_SetInterruptHandler@handler        cstackBANK0  0002D
Util_DecValue@delta                     cstackBANK0  00031
Util_DecValue@min                       cstackBANK0  0002F
Util_DecValue@pSrc                      cstackBANK0  0002D
Util_IncValue@delta                     cstackBANK0  00031
Util_IncValue@max                       cstackBANK0  0002F
Util_IncValue@pSrc                      cstackBANK0  0002D
_ADACT                                  (abs)        0009F
_ADCON0                                 (abs)        0009D
_ADCON0bits                             (abs)        0009D
_ADCON1                                 (abs)        0009E
_ADC_Conversion                         cinit        0091B
_ADC_Initialize_Default                 cinit        00FE4
_ADRES                                  (abs)        0009B
_ADRESH                                 (abs)        0009C
_ADRESL                                 (abs)        0009B
_ANSELA                                 (abs)        0018C
_ANSELB                                 (abs)        0018D
_ANSELC                                 (abs)        0018E
_Audio_GetValue                         cinit        008CA
_Audio_PlaySound                        text75       000EB
_Audio_SelectSound                      text75       000FD
_Audio_SetPlayMode                      text35       01617
_Audio_SetVolume                        text35       01601
_Audio_StopSound                        text35       01557
_BAUD1CON                               (abs)        0019F
_CCP1CON                                (abs)        00293
_CCP2CON                                (abs)        00297
_CCP3CON                                (abs)        00313
_CCP4CON                                (abs)        00317
_CCPR1                                  (abs)        00291
_CCPR2                                  (abs)        00295
_CCPR3                                  (abs)        00311
_CCPR4                                  (abs)        00315
_CCPTMRSbits                            (abs)        0029F
_DATAEE_ReadBuffer                      cinit        00D2D
_DATAEE_ReadByte                        cinit        00D48
_DATAEE_WriteBuffer                     cinit        00FAA
_DATAEE_WriteByte                       cinit        00FC3
_EUSART_Initialize_Default              cinit        00FEC
_EUSART_Transmit_ISR                    text106      007E1
_EUSART_Write                           text35       0162E
_GAIN                                   stringtext   01800
_GIE                                    (abs)        0005F
_INTCONbits                             (abs)        0000B
_IR_Decode                              text75       00595
_IR_ExitSet                             text35       01652
_IR_ExitTimeout                         text35       011A7
_IR_GetIndex                            text35       0157E
_IR_GetKeyType                          text75       0065E
_IR_IsValidTime                         text35       01667
_IR_KeyAction                           text35       011AF
_IR_KeyAtionIfPressed                   cinit        00AC3
_IR_ResetIfTMR1Overflow                 cinit        00ACB
_IR_ScanLongPress                       text75       0029D
_IR_UpdateSetStatus                     cinit        00B0C
_ISR                                    intentry     00004
_Interrupt_Initialize                   cinit        00B18
_LATA                                   (abs)        0010C
_LATB                                   (abs)        0010D
_LATC                                   (abs)        0010E
_Led_AutoRun                            cinit        00C49
_Led_CheckAutoStatus                    cinit        00CB3
_Led_DynamicCloud                       text75       0022E
_Led_DynamicMoon                        text75       0012C
_Led_DynamicStorm                       text75       001CE
_Led_DynamicWave                        text75       0017D
_Led_FirstPowerUp                       cinit        00F17
_Led_InitPara                           cinit        00B53
_Led_Initialize                         cinit        0093C
_Led_Initialize$1218                    cstackBANK0  00037
_Led_Notice                             text70       007A5
_Led_Ramp                               text75       0006A
_Led_Run                                text75       00030
_Led_RunMusic                           text75       000A0
_Led_SaveParaIfChanged                  cinit        00B43
_Led_SetCustom                          text75       00417
_Led_StartNotice                        text35       01645
_Led_TurnOffDirect                      text70       007CC
_Led_TurnOffRamp                        cinit        00A7B
_Led_TurnOnDirect                       text70       007D5
_Led_TurnOnRamp                         cinit        00A8E
_Led_UpdateBright                       cinit        00AAA
_NVMADRH                                (abs)        00892
_NVMADRL                                (abs)        00891
_NVMCON1bits                            (abs)        00895
_NVMCON2                                (abs)        00896
_NVMDATL                                (abs)        00893
_ODCONA                                 (abs)        0028C
_ODCONB                                 (abs)        0028D
_ODCONC                                 (abs)        0028E
_OSCCON1                                (abs)        00919
_OSCCON3                                (abs)        0091B
_OSCEN                                  (abs)        0091D
_OSCFRQ                                 (abs)        0091F
_OSCILLATOR_Initialize                  cinit        00D7D
_OSCTUNE                                (abs)        0091E
_PIE0bits                               (abs)        00090
_PIE1bits                               (abs)        00091
_PIE2bits                               (abs)        00092
_PIN_Initialize                         cinit        00E9A
_PIR0bits                               (abs)        00010
_PIR1bits                               (abs)        00011
_PIR2bits                               (abs)        00012
_PPSLOCK                                (abs)        00E0F
_PPSLOCKbits                            (abs)        00E0F
_PR2                                    (abs)        0001E
_PR4                                    (abs)        00416
_PWM1_Initialize                        cinit        00D87
_PWM1_LoadDutyValue                     text57       01125
_PWM1_LoadDutyValue$intlevel0           text57       01128
_PWM2_Initialize                        cinit        00D8D
_PWM2_LoadDutyValue                     text56       01137
_PWM2_LoadDutyValue$intlevel0           text56       0113A
_PWM3_Initialize                        cinit        00D96
_PWM3_LoadDutyValue                     text55       01149
_PWM3_LoadDutyValue$intlevel0           text55       0114C
_PWM4_Initialize                        cinit        00DA1
_PWM4_LoadDutyValue                     text54       0115B
_PWM4_LoadDutyValue$intlevel0           text54       0115E
_PWM5CON                                (abs)        00619
_PWM5DC                                 (abs)        00617
_PWM5_Initialize                        cinit        00DAC
_PWM5_LoadDutyValue                     text58       01183
_PWM5_LoadDutyValue$intlevel0           text58       01186
_PWMTMRSbits                            (abs)        0061F
_RA2PPSbits                             (abs)        00E92
_RB7PPSbits                             (abs)        00E9F
_RC1PPSbits                             (abs)        00EA1
_RC1STA                                 (abs)        0019D
_RC3PPSbits                             (abs)        00EA3
_RC5PPSbits                             (abs)        00EA5
_RC7PPSbits                             (abs)        00EA7
_RTC_GetTime                            cinit        00A7A
_RTC_HourReady                          cinit        00D56
_RTC_MinuteReady                        cinit        00D5B
_RTC_OnSecond                           text105      0116D
_RTC_SecondReady                        cinit        00D5F
_SP1BRG                                 (abs)        0019B
_SYSTEM_Initialize                      cinit        00D64
_T0CON0                                 (abs)        00017
_T0CON0bits                             (abs)        00017
_T0CON1                                 (abs)        00018
_T1CON                                  (abs)        0001B
_T1CONbits                              (abs)        0001B
_T1GCON                                 (abs)        0001C
_T1GPPSbits                             (abs)        00E13
_T2CON                                  (abs)        0001F
_T2CONbits                              (abs)        0001F
_T4CON                                  (abs)        00417
_T4CONbits                              (abs)        00417
_TMR0H                                  (abs)        00016
_TMR0L                                  (abs)        00015
_TMR0_ISR                               text104      010DD
_TMR0_Initialize_Default                cinit        00DB2
_TMR0_SetInterruptHandler               cinit        00B33
_TMR0_StartTimer                        cinit        00F02
_TMR1                                   (abs)        00019
_TMR1_GATE_ISR                          text99       010E9
_TMR1_Gate_SetInterruptHandler          cinit        00B3B
_TMR1_Initialize_Default                cinit        00DBD
_TMR1_StartTimer                        cinit        00AC8
_TMR1_StopTimer                         cinit        00B0A
_TMR2                                   (abs)        0001D
_TMR2_DisableInterrupt                  text35       016B5
_TMR2_EnableInterrupt                   text35       016BB
_TMR2_ISR                               text74       010F5
_TMR2_Initialize_Default                cinit        00EED
_TMR2_SetInterruptHandler               cinit        00F07
_TMR2_StartTimer                        cinit        00F05
_TMR4                                   (abs)        00415
_TMR4_ISR                               text69       01101
_TMR4_Initialize_Default                cinit        00EF7
_TMR4_SetInterruptHandler               cinit        00F0F
_TMR4_StartTimer                        text35       016B8
_TMR4_StopTimer                         text70       007DE
_TRISA                                  (abs)        0008C
_TRISB                                  (abs)        0008D
_TRISC                                  (abs)        0008E
_TX1STA                                 (abs)        0019E
_TXREG                                  (abs)        0019A
_Util_DecValue                          text35       0150B
_Util_IncValue                          text35       01531
_VOLUME                                 stringtext   01805
_WPUA                                   (abs)        0020C
_WPUB                                   (abs)        0020D
_WPUC                                   (abs)        0020E
__CFG_BOREN$OFF                         (abs)        00000
__CFG_BORV$HIGH                         (abs)        00000
__CFG_CLKOUTEN$OFF                      (abs)        00000
__CFG_CP$OFF                            (abs)        00000
__CFG_CPD$OFF                           (abs)        00000
__CFG_CSWEN$ON                          (abs)        00000
__CFG_DEBUG$OFF                         (abs)        00000
__CFG_FCMEN$OFF                         (abs)        00000
__CFG_FEXTOSC$OFF                       (abs)        00000
__CFG_LPBOREN$OFF                       (abs)        00000
__CFG_LVP$ON                            (abs)        00000
__CFG_MCLRE$ON                          (abs)        00000
__CFG_PPS1WAY$ON                        (abs)        00000
__CFG_PWRTE$ON                          (abs)        00000
__CFG_RSTOSC$HFINT1                     (abs)        00000
__CFG_STVREN$ON                         (abs)        00000
__CFG_WDTE$ON                           (abs)        00000
__CFG_WRT$OFF                           (abs)        00000
__Habs1                                 abs1         00000
__Hbank0                                bank0        00000
__Hbank1                                bank1        00000
__Hbank10                               bank10       00000
__Hbank11                               bank11       00000
__Hbank12                               bank12       00000
__Hbank13                               bank13       00000
__Hbank14                               bank14       00000
__Hbank15                               bank15       00000
__Hbank16                               bank16       00000
__Hbank17                               bank17       00000
__Hbank18                               bank18       00000
__Hbank19                               bank19       00000
__Hbank2                                bank2        00000
__Hbank20                               bank20       00000
__Hbank21                               bank21       00000
__Hbank22                               bank22       00000
__Hbank23                               bank23       00000
__Hbank24                               bank24       00000
__Hbank25                               bank25       00000
__Hbank26                               bank26       00000
__Hbank27                               bank27       00000
__Hbank28                               bank28       00000
__Hbank29                               bank29       00000
__Hbank3                                bank3        00000
__Hbank30                               bank30       00000
__Hbank31                               bank31       00000
__Hbank4                                bank4        00000
__Hbank5                                bank5        00000
__Hbank6                                bank6        00000
__Hbank7                                bank7        00000
__Hbank8                                bank8        00000
__Hbank9                                bank9        00000
__Hbigram                               bigram       00000
__HbssBANK0                             bssBANK0     00000
__HbssBANK1                             bssBANK1     00000
__HbssBANK2                             bssBANK2     00000
__Hcinit                                cinit        01000
__Hclrtext                              clrtext      00000
__Hcode                                 code         00000
__Hcommon                               common       00000
__Hconfig                               config       0800B
__HcstackBANK0                          cstackBANK0  00000
__HcstackBANK2                          cstackBANK2  00000
__HcstackCOMMON                         cstackCOMMON 00000
__HdataBANK1                            dataBANK1    00000
__HdataBANK2                            dataBANK2    00000
__Heeprom_data                          eeprom_data  00000
__Hend_init                             end_init     00030
__Hfunctab                              functab      00000
__HidataBANK1                           idataBANK1   00000
__HidataBANK2                           idataBANK2   00000
__Hidloc                                idloc        00000
__Hinit                                 init         0002E
__Hinittext                             inittext     00000
__Hintentry                             intentry     0002E
__Hmaintext                             maintext     00000
__HnvBANK0                              nvBANK0      00000
__HnvBANK1                              nvBANK1      00000
__Hpa_nodes0                            pa_nodes0    00000
__Hpowerup                              powerup      00000
__Hram                                  ram          00000
__Hreset_vec                            reset_vec    00002
__Hsfr0                                 sfr0         00000
__Hsfr1                                 sfr1         00000
__Hsfr10                                sfr10        00000
__Hsfr11                                sfr11        00000
__Hsfr12                                sfr12        00000
__Hsfr13                                sfr13        00000
__Hsfr14                                sfr14        00000
__Hsfr15                                sfr15        00000
__Hsfr16                                sfr16        00000
__Hsfr17                                sfr17        00000
__Hsfr18                                sfr18        00000
__Hsfr19                                sfr19        00000
__Hsfr2                                 sfr2         00000
__Hsfr20                                sfr20        00000
__Hsfr21                                sfr21        00000
__Hsfr22                                sfr22        00000
__Hsfr23                                sfr23        00000
__Hsfr24                                sfr24        00000
__Hsfr25                                sfr25        00000
__Hsfr26                                sfr26        00000
__Hsfr27                                sfr27        00000
__Hsfr28                                sfr28        00000
__Hsfr29                                sfr29        00000
__Hsfr3                                 sfr3         00000
__Hsfr30                                sfr30        00000
__Hsfr31                                sfr31        00000
__Hsfr4                                 sfr4         00000
__Hsfr5                                 sfr5         00000
__Hsfr6                                 sfr6         00000
__Hsfr7                                 sfr7         00000
__Hsfr8                                 sfr8         00000
__Hsfr9                                 sfr9         00000
__Hspace_0                              (abs)        0800B
__Hspace_1                              (abs)        0015E
__Hspace_2                              (abs)        00000
__Hspace_3                              (abs)        00000
__Hstack                                stack        00000
__Hstrings                              strings      00000
__Hstringtext                           stringtext   00000
__Htext                                 text         00000
__Labs1                                 abs1         00000
__Lbank0                                bank0        00000
__Lbank1                                bank1        00000
__Lbank10                               bank10       00000
__Lbank11                               bank11       00000
__Lbank12                               bank12       00000
__Lbank13                               bank13       00000
__Lbank14                               bank14       00000
__Lbank15                               bank15       00000
__Lbank16                               bank16       00000
__Lbank17                               bank17       00000
__Lbank18                               bank18       00000
__Lbank19                               bank19       00000
__Lbank2                                bank2        00000
__Lbank20                               bank20       00000
__Lbank21                               bank21       00000
__Lbank22                               bank22       00000
__Lbank23                               bank23       00000
__Lbank24                               bank24       00000
__Lbank25                               bank25       00000
__Lbank26                               bank26       00000
__Lbank27                               bank27       00000
__Lbank28                               bank28       00000
__Lbank29                               bank29       00000
__Lbank3                                bank3        00000
__Lbank30                               bank30       00000
__Lbank31                               bank31       00000
__Lbank4                                bank4        00000
__Lbank5                                bank5        00000
__Lbank6                                bank6        00000
__Lbank7                                bank7        00000
__Lbank8                                bank8        00000
__Lbank9                                bank9        00000
__Lbigram                               bigram       00000
__LbssBANK0                             bssBANK0     00000
__LbssBANK1                             bssBANK1     00000
__LbssBANK2                             bssBANK2     00000
__Lcinit                                cinit        0082F
__Lclrtext                              clrtext      00000
__Lcode                                 code         00000
__Lcommon                               common       00000
__Lconfig                               config       08007
__LcstackBANK0                          cstackBANK0  00000
__LcstackBANK2                          cstackBANK2  00000
__LcstackCOMMON                         cstackCOMMON 00000
__LdataBANK1                            dataBANK1    00000
__LdataBANK2                            dataBANK2    00000
__Leeprom_data                          eeprom_data  00000
__Lend_init                             end_init     0002E
__Lfunctab                              functab      00000
__LidataBANK1                           idataBANK1   00000
__LidataBANK2                           idataBANK2   00000
__Lidloc                                idloc        00000
__Linit                                 init         0002E
__Linittext                             inittext     00000
__Lintentry                             intentry     00004
__Lmaintext                             maintext     00000
__LnvBANK0                              nvBANK0      00000
__LnvBANK1                              nvBANK1      00000
__Lpa_nodes0                            pa_nodes0    00000
__Lpowerup                              powerup      00000
__Lram                                  ram          00000
__Lreset_vec                            reset_vec    00000
__Lsfr0                                 sfr0         00000
__Lsfr1                                 sfr1         00000
__Lsfr10                                sfr10        00000
__Lsfr11                                sfr11        00000
__Lsfr12                                sfr12        00000
__Lsfr13                                sfr13        00000
__Lsfr14                                sfr14        00000
__Lsfr15                                sfr15        00000
__Lsfr16                                sfr16        00000
__Lsfr17                                sfr17        00000
__Lsfr18                                sfr18        00000
__Lsfr19                                sfr19        00000
__Lsfr2                                 sfr2         00000
__Lsfr20                                sfr20        00000
__Lsfr21                                sfr21        00000
__Lsfr22                                sfr22        00000
__Lsfr23                                sfr23        00000
__Lsfr24                                sfr24        00000
__Lsfr25                                sfr25        00000
__Lsfr26                                sfr26        00000
__Lsfr27                                sfr27        00000
__Lsfr28                                sfr28        00000
__Lsfr29                                sfr29        00000
__Lsfr3                                 sfr3         00000
__Lsfr30                                sfr30        00000
__Lsfr31                                sfr31        00000
__Lsfr4                                 sfr4         00000
__Lsfr5                                 sfr5         00000
__Lsfr6                                 sfr6         00000
__Lsfr7                                 sfr7         00000
__Lsfr8                                 sfr8         00000
__Lsfr9                                 sfr9         00000
__Lspace_0                              (abs)        00000
__Lspace_1                              (abs)        00000
__Lspace_2                              (abs)        00000
__Lspace_3                              (abs)        00000
__Lstack                                stack        00000
__Lstrings                              strings      00000
__Lstringtext                           stringtext   00000
__Ltext                                 text         00000
__S0                                    (abs)        0800B
__S1                                    (abs)        0015E
__S2                                    (abs)        00000
__S3                                    (abs)        00000
___bmul                                 text35       0165B
___bmul@multiplicand                    cstackBANK0  0002D
___bmul@multiplier                      cstackBANK0  0002F
___bmul@product                         cstackBANK0  0002E
___int_sp                               stack        00000
___latbits                              (abs)        00002
___sp                                   stack        00000
___wmul                                 text35       01569
___wmul@multiplicand                    cstackBANK0  0002F
___wmul@multiplier                      cstackBANK0  0002D
___wmul@product                         cstackBANK0  00031
__end_ofPL10                            cinit        00F84
__end_ofPL100                           cinit        00E47
__end_ofPL102                           text75       00549
__end_ofPL104                           cinit        00E51
__end_ofPL106                           text75       0054F
__end_ofPL108                           text75       00796
__end_ofPL110                           text35       017D3
__end_ofPL112                           text35       017DD
__end_ofPL114                           cinit        00E5B
__end_ofPL116                           cinit        00E65
__end_ofPL118                           cinit        00E6B
__end_ofPL12                            text75       00791
__end_ofPL120                           text35       017E5
__end_ofPL122                           text75       00557
__end_ofPL124                           text75       0055F
__end_ofPL126                           text75       00567
__end_ofPL128                           text75       0056F
__end_ofPL130                           text75       00577
__end_ofPL132                           text75       0057F
__end_ofPL134                           text75       00587
__end_ofPL136                           cinit        00E73
__end_ofPL138                           text75       0058F
__end_ofPL14                            text35       016E2
__end_ofPL140                           cinit        00E79
__end_ofPL142                           cinit        00E7F
__end_ofPL144                           cinit        00E85
__end_ofPL146                           cinit        00EED
__end_ofPL148                           cinit        00E8B
__end_ofPL150                           cinit        00E90
__end_ofPL152                           text35       017EB
__end_ofPL154                           text75       00595
__end_ofPL156                           text35       017F1
__end_ofPL158                           text35       017F6
__end_ofPL16                            text75       004D8
__end_ofPL160                           text35       017FB
__end_ofPL162                           text75       0079B
__end_ofPL164                           cinit        00E95
__end_ofPL166                           text75       007A0
__end_ofPL168                           text75       007A5
__end_ofPL170                           cinit        00E9A
__end_ofPL172                           text35       01800
__end_ofPL18                            text35       016EF
__end_ofPL2                             cinit        00DDF
__end_ofPL20                            cinit        00DFE
__end_ofPL22                            cinit        00E06
__end_ofPL24                            text75       004E2
__end_ofPL26                            cinit        00E13
__end_ofPL28                            text35       016F6
__end_ofPL30                            text35       016FD
__end_ofPL32                            text35       01705
__end_ofPL34                            text35       01721
__end_ofPL36                            cinit        00E1A
__end_ofPL38                            cinit        00F9A
__end_ofPL4                             text35       016CF
__end_ofPL40                            text35       01737
__end_ofPL42                            text35       0174D
__end_ofPL44                            text35       01753
__end_ofPL46                            text35       0175C
__end_ofPL48                            cinit        00E23
__end_ofPL50                            text75       004F4
__end_ofPL52                            text75       004FB
__end_ofPL54                            text75       00502
__end_ofPL56                            cinit        00E28
__end_ofPL58                            text75       00508
__end_ofPL6                             cinit        00DF0
__end_ofPL60                            text35       0176C
__end_ofPL62                            text35       01776
__end_ofPL64                            text35       01787
__end_ofPL66                            text35       01796
__end_ofPL68                            cinit        00FA3
__end_ofPL70                            text75       00511
__end_ofPL72                            text35       017A3
__end_ofPL74                            text35       017A7
__end_ofPL76                            text35       017AB
__end_ofPL78                            text35       017B5
__end_ofPL8                             text35       016D9
__end_ofPL80                            text75       0051D
__end_ofPL82                            text75       00529
__end_ofPL84                            text35       017BB
__end_ofPL86                            text35       017C2
__end_ofPL88                            cinit        00FAA
__end_ofPL90                            text75       00535
__end_ofPL92                            cinit        00E34
__end_ofPL94                            text75       00541
__end_ofPL96                            text35       017C9
__end_ofPL98                            cinit        00E40
__end_of_ADC_Conversion                 cinit        0093C
__end_of_ADC_Initialize_Default         cinit        00FEC
__end_of_Audio_GetValue                 cinit        0091B
__end_of_Audio_PlaySound                text75       000FD
__end_of_Audio_SelectSound              text75       00118
__end_of_Audio_SetPlayMode              text35       0162E
__end_of_Audio_SetVolume                text35       01617
__end_of_Audio_StopSound                text35       01569
__end_of_DATAEE_ReadBuffer              cinit        00D48
__end_of_DATAEE_ReadByte                cinit        00D56
__end_of_DATAEE_WriteBuffer             cinit        00FC3
__end_of_DATAEE_WriteByte               cinit        00FE4
__end_of_EUSART_Initialize_Default      cinit        01000
__end_of_EUSART_Transmit_ISR            text106      007F8
__end_of_EUSART_Write                   text35       01645
__end_of_GAIN                           stringtext   01805
__end_of_IR_Decode                      text75       0065E
__end_of_IR_ExitSet                     text35       0165B
__end_of_IR_ExitTimeout                 text35       011AF
__end_of_IR_GetIndex                    text35       01601
__end_of_IR_GetKeyType                  text75       00782
__end_of_IR_IsValidTime                 text35       016B5
__end_of_IR_KeyAction                   text35       0150B
__end_of_IR_KeyAtionIfPressed           cinit        00AC8
__end_of_IR_ResetIfTMR1Overflow         cinit        00B0A
__end_of_IR_ScanLongPress               text75       00388
__end_of_IR_UpdateSetStatus             cinit        00B18
__end_of_ISR                            intentry     0002E
__end_of_Interrupt_Initialize           cinit        00B33
__end_of_Led_AutoRun                    cinit        00CB3
__end_of_Led_CheckAutoStatus            cinit        00D2D
__end_of_Led_DynamicCloud               text75       0029D
__end_of_Led_DynamicMoon                text75       0017D
__end_of_Led_DynamicStorm               text75       0022E
__end_of_Led_DynamicWave                text75       001CE
__end_of_Led_FirstPowerUp               cinit        00F73
__end_of_Led_InitPara                   cinit        00C49
__end_of_Led_Initialize                 cinit        00A7A
__end_of_Led_Notice                     text70       007CC
__end_of_Led_Ramp                       text75       000A0
__end_of_Led_Run                        text75       0006A
__end_of_Led_RunMusic                   text75       000EB
__end_of_Led_SaveParaIfChanged          cinit        00B53
__end_of_Led_SetCustom                  text75       00454
__end_of_Led_StartNotice                text35       01652
__end_of_Led_TurnOffDirect              text70       007D5
__end_of_Led_TurnOffRamp                cinit        00A8E
__end_of_Led_TurnOnDirect               text70       007DE
__end_of_Led_TurnOnRamp                 cinit        00AAA
__end_of_Led_UpdateBright               cinit        00AC3
__end_of_OSCILLATOR_Initialize          cinit        00D87
__end_of_PIN_Initialize                 cinit        00EE7
__end_of_PWM1_Initialize                cinit        00D8D
__end_of_PWM1_LoadDutyValue             text57       01131
__end_of_PWM2_Initialize                cinit        00D96
__end_of_PWM2_LoadDutyValue             text56       01143
__end_of_PWM3_Initialize                cinit        00DA1
__end_of_PWM3_LoadDutyValue             text55       01155
__end_of_PWM4_Initialize                cinit        00DAC
__end_of_PWM4_LoadDutyValue             text54       01167
__end_of_PWM5_Initialize                cinit        00DB2
__end_of_PWM5_LoadDutyValue             text58       01198
__end_of_RTC_GetTime                    cinit        00A7B
__end_of_RTC_HourReady                  cinit        00D5B
__end_of_RTC_MinuteReady                cinit        00D5F
__end_of_RTC_OnSecond                   text105      01183
__end_of_RTC_SecondReady                cinit        00D64
__end_of_SYSTEM_Initialize              cinit        00D7D
__end_of_TMR0_ISR                       text104      010E9
__end_of_TMR0_Initialize_Default        cinit        00DBD
__end_of_TMR0_SetInterruptHandler       cinit        00B3B
__end_of_TMR0_StartTimer                cinit        00F05
__end_of_TMR1_GATE_ISR                  text99       010F5
__end_of_TMR1_Gate_SetInterruptHandler  cinit        00B43
__end_of_TMR1_Initialize_Default        cinit        00DCC
__end_of_TMR1_StartTimer                cinit        00ACB
__end_of_TMR1_StopTimer                 cinit        00B0C
__end_of_TMR2_DisableInterrupt          text35       016B8
__end_of_TMR2_EnableInterrupt           text35       016BE
__end_of_TMR2_ISR                       text74       01101
__end_of_TMR2_Initialize_Default        cinit        00EF7
__end_of_TMR2_SetInterruptHandler       cinit        00F0F
__end_of_TMR2_StartTimer                cinit        00F07
__end_of_TMR4_ISR                       text69       0110D
__end_of_TMR4_Initialize_Default        cinit        00F02
__end_of_TMR4_SetInterruptHandler       cinit        00F17
__end_of_TMR4_StartTimer                text35       016BB
__end_of_TMR4_StopTimer                 text70       007E1
__end_of_Util_DecValue                  text35       01531
__end_of_Util_IncValue                  text35       01557
__end_of_VOLUME                         stringtext   0180A
__end_of___bmul                         text35       01667
__end_of___wmul                         text35       0157E
__end_of__initialization                cinit        00877
__end_of_main                           cinit        008CA
__end_ofi1_EUSART_Write                 text75       0012C
__end_ofi1_IR_GetIndex                  text75       0040B
__end_ofi1_Led_StartNotice              text75       00417
__end_ofi1_Led_UpdateBright             text75       004C6
__end_ofi1_PWM1_LoadDutyValue           text57       01137
__end_ofi1_PWM2_LoadDutyValue           text56       01149
__end_ofi1_PWM3_LoadDutyValue           text55       0115B
__end_ofi1_PWM4_LoadDutyValue           text54       0116D
__end_ofi1_PWM5_LoadDutyValue           text58       011A7
__end_ofi1_TMR2_DisableInterrupt        text75       00788
__end_ofi1_TMR2_EnableInterrupt         text75       00785
__end_ofi1_TMR4_StartTimer              text75       004C9
__end_ofi1_Util_DecValue                text75       0048F
__end_ofi1_Util_IncValue                text75       004B5
__end_ofi1___wmul                       text75       00469
__initialization                        cinit        0082F
__pbssBANK0                             bssBANK0     00040
__pbssBANK1                             bssBANK1     000C8
__pbssBANK2                             bssBANK2     00120
__pbssBIGRAM                            (abs)        0237B
__pcstackBANK0                          cstackBANK0  00020
__pcstackBANK2                          cstackBANK2  00140
__pcstackCOMMON                         cstackCOMMON 00070
__pdataBANK1                            dataBANK1    000A0
__pdataBANK2                            dataBANK2    00154
__pidataBANK1                           idataBANK1   00807
__pidataBANK2                           idataBANK2   010D3
__pintentry                             intentry     00004
__pmaintext                             cinit        0087A
__pnvBANK0                              nvBANK0      0005E
__pnvBANK1                              nvBANK1      000E4
__pstringtext                           stringtext   01800
__ptext1                                cinit        00F05
__ptext10                               cinit        00D96
__ptext100                              text75       00595
__ptext101                              text75       00782
__ptext102                              text75       00785
__ptext103                              text75       0065E
__ptext104                              text104      010DD
__ptext105                              text105      0116D
__ptext106                              text106      007E1
__ptext11                               cinit        00D8D
__ptext12                               cinit        00D87
__ptext13                               cinit        00E9A
__ptext14                               cinit        00D7D
__ptext15                               cinit        00FEC
__ptext16                               cinit        00FE4
__ptext17                               cinit        00D5F
__ptext18                               cinit        00D5B
__ptext19                               cinit        00D56
__ptext2                                cinit        00F02
__ptext20                               cinit        00B43
__ptext21                               cinit        00FAA
__ptext22                               cinit        00FC3
__ptext23                               cinit        00B53
__ptext24                               cinit        00F17
__ptext25                               cinit        00D2D
__ptext26                               cinit        00D48
__ptext27                               cinit        00CB3
__ptext28                               cinit        00C49
__ptext29                               cinit        00B18
__ptext3                                cinit        00D64
__ptext30                               cinit        00F0F
__ptext31                               cinit        00F07
__ptext32                               cinit        00B3B
__ptext33                               cinit        00B33
__ptext34                               cinit        00B0C
__ptext35                               text35       011A7
__ptext36                               cinit        00ACB
__ptext37                               cinit        00B0A
__ptext38                               cinit        00AC8
__ptext39                               cinit        00AC3
__ptext4                                cinit        00EF7
__ptext40                               text35       011AF
__ptext41                               text35       01531
__ptext42                               text35       0150B
__ptext43                               text35       016BB
__ptext44                               text35       016B5
__ptext45                               text35       01667
__ptext46                               text35       0165B
__ptext47                               text35       0157E
__ptext48                               text35       01652
__ptext49                               text35       01645
__ptext5                                cinit        00EED
__ptext50                               text35       016B8
__ptext51                               cinit        0093C
__ptext52                               cinit        00A7A
__ptext53                               cinit        00AAA
__ptext54                               text54       0115B
__ptext55                               text55       01149
__ptext56                               text56       01137
__ptext57                               text57       01125
__ptext58                               text58       01183
__ptext59                               cinit        00A8E
__ptext6                                cinit        00DBD
__ptext60                               cinit        00A7B
__ptext61                               text35       01557
__ptext62                               text35       01601
__ptext63                               text35       01617
__ptext64                               text35       0162E
__ptext65                               cinit        008CA
__ptext66                               text35       01569
__ptext67                               cinit        0091B
__ptext69                               text69       01101
__ptext7                                cinit        00DB2
__ptext70                               text70       007A5
__ptext71                               text70       007DE
__ptext72                               text70       007D5
__ptext73                               text70       007CC
__ptext74                               text74       010F5
__ptext75                               text75       00030
__ptext76                               text75       000A0
__ptext77                               text75       0017D
__ptext78                               text75       001CE
__ptext79                               text75       0012C
__ptext8                                cinit        00DAC
__ptext80                               text75       0022E
__ptext81                               text75       004B5
__ptext82                               text75       000FD
__ptext83                               text75       000EB
__ptext84                               text75       00118
__ptext85                               text75       0006A
__ptext86                               text54       01167
__ptext87                               text55       01155
__ptext88                               text56       01143
__ptext89                               text57       01131
__ptext9                                cinit        00DA1
__ptext90                               text58       01198
__ptext91                               text75       0029D
__ptext92                               text75       0048F
__ptext93                               text75       00469
__ptext94                               text75       0040B
__ptext95                               text75       004C6
__ptext96                               text75       00388
__ptext97                               text75       00417
__ptext98                               text75       00454
__ptext99                               text99       010E9
__size_of_ADC_Conversion                (abs)        00000
__size_of_ADC_Initialize_Default        (abs)        00000
__size_of_Audio_GetValue                (abs)        00000
__size_of_Audio_PlaySound               (abs)        00000
__size_of_Audio_SelectSound             (abs)        00000
__size_of_Audio_SetPlayMode             (abs)        00000
__size_of_Audio_SetVolume               (abs)        00000
__size_of_Audio_StopSound               (abs)        00000
__size_of_DATAEE_ReadBuffer             (abs)        00000
__size_of_DATAEE_ReadByte               (abs)        00000
__size_of_DATAEE_WriteBuffer            (abs)        00000
__size_of_DATAEE_WriteByte              (abs)        00000
__size_of_EUSART_Initialize_Default     (abs)        00000
__size_of_EUSART_Transmit_ISR           (abs)        00000
__size_of_EUSART_Write                  (abs)        00000
__size_of_IR_Decode                     (abs)        00000
__size_of_IR_ExitSet                    (abs)        00000
__size_of_IR_ExitTimeout                (abs)        00000
__size_of_IR_GetIndex                   (abs)        00000
__size_of_IR_GetKeyType                 (abs)        00000
__size_of_IR_IsValidTime                (abs)        00000
__size_of_IR_KeyAction                  (abs)        00000
__size_of_IR_KeyAtionIfPressed          (abs)        00000
__size_of_IR_ResetIfTMR1Overflow        (abs)        00000
__size_of_IR_ScanLongPress              (abs)        00000
__size_of_IR_UpdateSetStatus            (abs)        00000
__size_of_ISR                           (abs)        00000
__size_of_Interrupt_Initialize          (abs)        00000
__size_of_Led_AutoRun                   (abs)        00000
__size_of_Led_CheckAutoStatus           (abs)        00000
__size_of_Led_DynamicCloud              (abs)        00000
__size_of_Led_DynamicMoon               (abs)        00000
__size_of_Led_DynamicStorm              (abs)        00000
__size_of_Led_DynamicWave               (abs)        00000
__size_of_Led_FirstPowerUp              (abs)        00000
__size_of_Led_InitPara                  (abs)        00000
__size_of_Led_Initialize                (abs)        00000
__size_of_Led_Notice                    (abs)        00000
__size_of_Led_Ramp                      (abs)        00000
__size_of_Led_Run                       (abs)        00000
__size_of_Led_RunMusic                  (abs)        00000
__size_of_Led_SaveParaIfChanged         (abs)        00000
__size_of_Led_SetCustom                 (abs)        00000
__size_of_Led_StartNotice               (abs)        00000
__size_of_Led_TurnOffDirect             (abs)        00000
__size_of_Led_TurnOffRamp               (abs)        00000
__size_of_Led_TurnOnDirect              (abs)        00000
__size_of_Led_TurnOnRamp                (abs)        00000
__size_of_Led_UpdateBright              (abs)        00000
__size_of_OSCILLATOR_Initialize         (abs)        00000
__size_of_PIN_Initialize                (abs)        00000
__size_of_PWM1_Initialize               (abs)        00000
__size_of_PWM1_LoadDutyValue            (abs)        00000
__size_of_PWM2_Initialize               (abs)        00000
__size_of_PWM2_LoadDutyValue            (abs)        00000
__size_of_PWM3_Initialize               (abs)        00000
__size_of_PWM3_LoadDutyValue            (abs)        00000
__size_of_PWM4_Initialize               (abs)        00000
__size_of_PWM4_LoadDutyValue            (abs)        00000
__size_of_PWM5_Initialize               (abs)        00000
__size_of_PWM5_LoadDutyValue            (abs)        00000
__size_of_RTC_GetTime                   (abs)        00000
__size_of_RTC_HourReady                 (abs)        00000
__size_of_RTC_MinuteReady               (abs)        00000
__size_of_RTC_OnSecond                  (abs)        00000
__size_of_RTC_SecondReady               (abs)        00000
__size_of_SYSTEM_Initialize             (abs)        00000
__size_of_TMR0_ISR                      (abs)        00000
__size_of_TMR0_Initialize_Default       (abs)        00000
__size_of_TMR0_SetInterruptHandler      (abs)        00000
__size_of_TMR0_StartTimer               (abs)        00000
__size_of_TMR1_GATE_ISR                 (abs)        00000
__size_of_TMR1_Gate_SetInterruptHandler (abs)        00000
__size_of_TMR1_Initialize_Default       (abs)        00000
__size_of_TMR1_StartTimer               (abs)        00000
__size_of_TMR1_StopTimer                (abs)        00000
__size_of_TMR2_DisableInterrupt         (abs)        00000
__size_of_TMR2_EnableInterrupt          (abs)        00000
__size_of_TMR2_ISR                      (abs)        00000
__size_of_TMR2_Initialize_Default       (abs)        00000
__size_of_TMR2_SetInterruptHandler      (abs)        00000
__size_of_TMR2_StartTimer               (abs)        00000
__size_of_TMR4_ISR                      (abs)        00000
__size_of_TMR4_Initialize_Default       (abs)        00000
__size_of_TMR4_SetInterruptHandler      (abs)        00000
__size_of_TMR4_StartTimer               (abs)        00000
__size_of_TMR4_StopTimer                (abs)        00000
__size_of_Util_DecValue                 (abs)        00000
__size_of_Util_IncValue                 (abs)        00000
__size_of___bmul                        (abs)        00000
[...]
		_IR_Decode
 This function is called by:
		_ISR
 This function uses a non-reentrant model


 *************** function _IR_Decode *****************
 Defined at:
		line 251 in file "user/src/ir.c"
 Parameters:    Size  Location     Type
		None
 Auto vars:     Size  Location     Type
  type            1    8[COMMON] unsigned char 
  hVal            2   10[COMMON] unsigned int 
  keyNum          1    9[COMMON] unsigned char 
  revKeyNum       1    7[COMMON] unsigned char 
 Return value:  Size  Location     Type
                  1    wreg      void 
 Registers used:
		wreg, fsr0l, fsr0h, fsr1l, fsr1h, status,2, status,0, pclath, cstack
 Tracked objects:
		On entry : 
		On exit  : 
		Unchanged: 
 Data sizes:     COMMON   BANK0   BANK1   BANK2   BANK3   BANK4   BANK5   BANK6   BANK7   BANK8   BANK9  BANK10  BANK11  BANK12
      Params:         0       0       0       0       0       0       0       0       0       0       0       0       0       0
      Locals:         5       0       0       0       0       0       0       0       0       0       0       0       0       0
      Temps:          4       0       0       0       0       0       0       0       0       0       0       0       0       0
      Totals:         9       0       0       0       0       0       0       0       0       0       0       0       0       0
Total ram usage:        9 bytes
 Hardware stack levels used:    1
 Hardware stack levels required when called:    1
 This function calls:
		_IR_GetKeyType
		i1_TMR2_DisableInterrupt
		i1_TMR2_EnableInterrupt
 This function is called by:
		_Interrupt_Initialize
		_TMR1_GATE_ISR
 This function uses a non-reentrant model


 *************** function i1_TMR2_EnableInterrupt *****************
 Defined at:
		line 45 in file "driver/src/tmr2.c"
 Parameters:    Size  Location     Type
		None
 Auto vars:     Size  Location     Type
		None
 Return value:  Size  Location     Type
                  1    wreg      void 
 Registers used:
		None
 Tracked objects:
		On entry : 
		On exit  : 
		Unchanged: 
 Data sizes:     COMMON   BANK0   BANK1   BANK2   BANK3   BANK4   BANK5   BANK6   BANK7   BANK8   BANK9  BANK10  BANK11  BANK12
      Params:         0       0       0       0       0       0       0       0       0       0       0       0       0       0
      Locals:         0       0       0       0       0       0       0       0       0       0       0       0       0       0
      Temps:          0       0       0       0       0       0       0       0       0       0       0       0       0       0
      Totals:         0       0       0       0       0       0       0       0       0       0       0       0       0       0
Total ram usage:        0 bytes
 Hardware stack levels used:    1
 This function calls:
		Nothing
 This function is called by:
		_IR_Decode
 This function uses a non-reentrant model


 *************** function i1_TMR2_DisableInterrupt *****************
 Defined at:
		line 40 in file "driver/src/tmr2.c"
 Parameters:    Size  Location     Type
		None
 Auto vars:     Size  Location     Type
		None
 Return value:  Size  Location     Type
                  1    wreg      void 
 Registers used:
		None
 Tracked objects:
		On entry : 
		On exit  : 
		Unchanged: 
 Data sizes:     COMMON   BANK0   BANK1   BANK2   BANK3   BANK4   BANK5   BANK6   BANK7   BANK8   BANK9  BANK10  BANK11  BANK12
      Params:         0       0       0       0       0       0       0       0       0       0       0       0       0       0
      Locals:         0       0       0       0       0       0       0       0       0       0       0       0       0       0
      Temps:          0       0       0       0       0       0       0       0       0       0       0       0       0       0
      Totals:         0       0       0       0       0       0       0       0       0       0       0       0       0       0
Total ram usage:        0 bytes
 Hardware stack levels used:    1
 This function calls:
		Nothing
 This function is called by:
		_IR_Decode
 This function uses a non-reentrant model


 *************** function _IR_GetKeyType *****************
 Defined at:
		line 107 in file "user/src/ir.c"
 Parameters:    Size  Location     Type
  keynum          1    wreg     unsigned char 
 Auto vars:     Size  Location     Type
  keynum          1    2[COMMON] unsigned char 
  result          1    1[COMMON] unsigned char 
 Return value:  Size  Location     Type
                  1    wreg      unsigned char 
 Registers used:
		wreg, fsr0l, fsr0h, fsr1l, fsr1h, status,2, status,0
 Tracked objects:
		On entry : 
		On exit  : 
		Unchanged: 
 Data sizes:     COMMON   BANK0   BANK1   BANK2   BANK3   BANK4   BANK5   BANK6   BANK7   BANK8   BANK9  BANK10  BANK11  BANK12
      Params:         0       0       0       0       0       0       0       0       0       0       0       0       0       0
      Locals:         2       0       0       0       0       0       0       0       0       0       0       0       0       0
      Temps:          1       0       0       0       0       0       0       0       0       0       0       0       0       0
      Totals:         3       0       0       0       0       0       0       0       0       0       0       0       0       0
Total ram usage:        3 bytes
 Hardware stack levels used:    1
 This function calls:
		Nothing
 This function is called by:
		_IR_Decode
 This function uses a non-reentrant model


 *************** function _TMR0_ISR *****************
 Defined at:
		line 27 in file "driver/src/tmr0.c"
 Parameters:    Size  Location     Type
		None
 Auto vars:     Size  Location     Type
		None
 Return value:  Size  Location     Type
                  1    wreg      void 
 Registers used:
		wreg, status,2, status,0, pclath, cstack
 Tracked objects:
		On entry : 
		On exit  : 
		Unchanged: 
 Data sizes:     COMMON   BANK0   BANK1   BANK2   BANK3   BANK4   BANK5   BANK6   BANK7   BANK8   BANK9  BANK10  BANK11  BANK12
      Params:         0       0       0       0       0       0       0       0       0       0       0       0       0       0
      Locals:         0       0       0       0       0       0       0       0       0       0       0       0       0       0
      Temps:          0       0       0       0       0       0       0       0       0       0       0       0       0       0
      Totals:         0       0       0       0       0       0       0       0       0       0       0       0       0       0
Total ram usage:        0 bytes
 Hardware stack levels used:    1
 Hardware stack levels required when called:    1
 This function calls:
		Absolute function
		_RTC_OnSecond
 This function is called by:
		_ISR
 This function uses a non-reentrant model


 *************** function _RTC_OnSecond *****************
 Defined at:
		line 19 in file "user/src/rtc.c"
 Parameters:    Size  Location     Type
		None
 Auto vars:     Size  Location     Type
		None
 Return value:  Size  Location     Type
                  1    wreg      void 
 Registers used:
		wreg, status,2, status,0
 Tracked objects:
		On entry : 
		On exit  : 
		Unchanged: 
 Data sizes:     COMMON   BANK0   BANK1   BANK2   BANK3   BANK4   BANK5   BANK6   BANK7   BANK8   BANK9  BANK10  BANK11  BANK12
      Params:         0       0       0       0       0       0       0       0       0       0       0       0       0       0
      Locals:         0       0       0       0       0       0       0       0       0       0       0       0       0       0
      Temps:          0       0       0       0       0       0       0       0       0       0       0       0       0       0
      Totals:         0       0       0       0       0       0       0       0       0       0       0       0       0       0
Total ram usage:        0 bytes
 Hardware stack levels used:    1
 This function calls:
		Nothing
 This function is called by:
		_Interrupt_Initialize
		_TMR0_ISR
 This function uses a non-reentrant model


 *************** function _EUSART_Transmit_ISR *****************
 Defined at:
		line 63 in file "driver/src/eusart.c"
 Parameters:    Size  Location     Type
		None
 Auto vars:     Size  Location     Type
		None
 Return value:  Size  Location     Type
                  1    wreg      void 
 Registers used:
		wreg, fsr1l, fsr1h, status,2, status,0
 Tracked objects:
		On entry : 
		On exit  : 
		Unchanged: 
 Data sizes:     COMMON   BANK0   BANK1   BANK2   BANK3   BANK4   BANK5   BANK6   BANK7   BANK8   BANK9  BANK10  BANK11  BANK12
      Params:         0       0       0       0       0       0       0       0       0       0       0       0       0       0
      Locals:         0       0       0       0       0       0       0       0       0       0       0       0       0       0
      Temps:          0       0       0       0       0       0       0       0       0       0       0       0       0       0
      Totals:         0       0       0       0       0       0       0       0       0       0       0       0       0       0
Total ram usage:        0 bytes
 Hardware stack levels used:    1
 This function calls:
		Nothing
 This function is called by:
		_ISR
 This function uses a non-reentrant model



MODULE INFORMATION

Module		Function		Class		Link	Load	Size
driver/src/tmr1.c
		_TMR1_Initialize_Default		CODE           	0DBD	0000	16
		_TMR1_StopTimer		CODE           	0B0A	0000	3
		_TMR1_Gate_SetInterruptHandler		CODE           	0B3B	0000	9
		_TMR1_StartTimer		CODE           	0AC8	0000	4
		_TMR1_GATE_ISR 		CODE           	10E9	0000	13

driver/src/tmr1.c estimated size: 45

driver/src/eusart.c
		_EUSART_Write  		CODE           	162E	0000	24
		_EUSART_Transmit_ISR		CODE           	07E1	0000	24
		_EUSART_Initialize_Default		CODE           	0FEC	0000	21

driver/src/eusart.c estimated size: 69

user/src/rtc.c
		_RTC_HourReady 		CODE           	0D56	0000	6
		_RTC_OnSecond  		CODE           	116D	0000	23
		_RTC_MinuteReady		CODE           	0D5B	0000	5
		_RTC_SecondReady		CODE           	0D5F	0000	6
		_RTC_GetTime   		CODE           	0A7A	0000	2

user/src/rtc.c estimated size: 42

user/src/util.c
		_Util_IncValue 		CODE           	1531	0000	39
		_Util_DecValue 		CODE           	150B	0000	39

user/src/util.c estimated size: 78

D:\Program Files\Microchip\xc8\v1.41\sources\common\Umul8.c
		___bmul        		CODE           	165B	0000	13

D:\Program Files\Microchip\xc8\v1.41\sources\common\Umul8.c estimated size: 13

D:\Program Files\Microchip\xc8\v1.41\sources\common\Umul16.c
		___wmul        		CODE           	1569	0000	22

D:\Program Files\Microchip\xc8\v1.41\sources\common\Umul16.c estimated size: 22

user/src/led.c
		_Led_SaveParaIfChanged		CODE           	0B43	0000	17
		_Led_DynamicWave		CODE           	017D	0000	82
		_Led_DynamicMoon		CODE           	012C	0000	82
		_Led_CheckAutoStatus		CODE           	0CB3	0000	123
		_Led_TurnOffRamp		CODE           	0A7B	0000	20
		_Led_InitPara  		CODE           	0B53	0000	247
		_Led_FirstPowerUp		CODE           	0F17	0000	93
		_Led_Initialize		CODE           	093C	0000	319
		_Led_SetCustom 		CODE           	0417	0000	62
		_Led_Run       		CODE           	0030	0000	59
		_Led_RunMusic  		CODE           	00A0	0000	76
		_Led_UpdateBright		CODE           	0AAA	0000	26
		_Led_DynamicCloud		CODE           	022E	0000	112
		_Led_DynamicStorm		CODE           	01CE	0000	97
		_Led_AutoRun   		CODE           	0C49	0000	107
		_Led_TurnOnDirect		CODE           	07D5	0000	10
		_Led_TurnOnRamp		CODE           	0A8E	0000	29
		_Led_Notice    		CODE           	07A5	0000	40
		_Led_TurnOffDirect		CODE           	07CC	0000	10
		_Led_StartNotice		CODE           	1645	0000	14
		_Led_Ramp      		CODE           	006A	0000	55

user/src/led.c estimated size: 1680

user/src/ir.c
		_IR_ScanLongPress		CODE           	029D	0000	236
		_IR_ExitSet    		CODE           	1652	0000	10
		_IR_UpdateSetStatus		CODE           	0B0C	0000	13
		_IR_GetIndex   		CODE           	157E	0000	132
		_IR_Decode     		CODE           	0595	0000	202
		_IR_IsValidTime		CODE           	1667	0000	79
		_IR_ResetIfTMR1Overflow		CODE           	0ACB	0000	64
		_IR_ExitTimeout		CODE           	11A7	0000	9
		_IR_KeyAtionIfPressed		CODE           	0AC3	0000	6
		_IR_GetKeyType 		CODE           	065E	0000	293
		_IR_KeyAction  		CODE           	11AF	0000	861

user/src/ir.c estimated size: 1905

user/src/main.c
		_ISR           		CODE           	0004	0000	43
		_main          		CODE           	087A	0000	81
		_Interrupt_Initialize		CODE           	0B18	0000	28
		_OSCILLATOR_Initialize		CODE           	0D7D	0000	11
		_SYSTEM_Initialize		CODE           	0D64	0000	26
		_PIN_Initialize		CODE           	0E9A	0000	78

user/src/main.c estimated size: 267

driver/src/tmr4.c
		_TMR4_ISR      		CODE           	1101	0000	13
		_TMR4_SetInterruptHandler		CODE           	0F0F	0000	9
		_TMR4_Initialize_Default		CODE           	0EF7	0000	12
		_TMR4_StopTimer		CODE           	07DE	0000	4
		_TMR4_StartTimer		CODE           	16B8	0000	4

driver/src/tmr4.c estimated size: 42

driver/src/tmr2.c
		_TMR2_ISR      		CODE           	10F5	0000	13
		_TMR2_SetInterruptHandler		CODE           	0F07	0000	9
		_TMR2_Initialize_Default		CODE           	0EED	0000	11
		_TMR2_StartTimer		CODE           	0F05	0000	3
		_TMR2_DisableInterrupt		CODE           	16B5	0000	4
		_TMR2_EnableInterrupt		CODE           	16BB	0000	4

driver/src/tmr2.c estimated size: 44

driver/src/tmr0.c
		_TMR0_SetInterruptHandler		CODE           	0B33	0000	9
		_TMR0_Initialize_Default		CODE           	0DB2	0000	12
		_TMR0_StartTimer		CODE           	0F02	0000	4
		_TMR0_ISR      		CODE           	10DD	0000	13

driver/src/tmr0.c estimated size: 38

driver/src/pwm.c
		_PWM1_Initialize		CODE           	0D87	0000	7
		_PWM5_LoadDutyValue		CODE           	1183	0000	22
		_PWM2_Initialize		CODE           	0D8D	0000	10
		_PWM3_Initialize		CODE           	0D96	0000	12
		_PWM4_Initialize		CODE           	0DA1	0000	12
		_PWM5_Initialize		CODE           	0DAC	0000	7
		_PWM1_LoadDutyValue		CODE           	1125	0000	13
		_PWM2_LoadDutyValue		CODE           	1137	0000	13
		_PWM3_LoadDutyValue		CODE           	1149	0000	13
		_PWM4_LoadDutyValue		CODE           	115B	0000	13

driver/src/pwm.c estimated size: 122

driver/src/eeprom.c
		_DATAEE_WriteByte		CODE           	0FC3	0000	34
		_DATAEE_ReadBuffer		CODE           	0D2D	0000	28
		_DATAEE_ReadByte		CODE           	0D48	0000	15
		_DATAEE_WriteBuffer		CODE           	0FAA	0000	26

driver/src/eeprom.c estimated size: 103

shared
		PL12           		CODE           	0788	0000	10
		PL50           		CODE           	04E2	0000	19
		PL8            		CODE           	16CF	0000	11
		PL22           		CODE           	0DFE	0000	9
		PL60           		CODE           	175C	0000	17
		PL100          		CODE           	0E40	0000	8
		PL32           		CODE           	16FD	0000	9
		PL70           		CODE           	0508	0000	10
		PL42           		CODE           	1737	0000	23
		PL80           		CODE           	0511	0000	13
		_GAIN          		STRCODE        	1800	0000	6
		PL110          		CODE           	17C9	0000	11
		PL14           		CODE           	16D9	0000	10
		PL52           		CODE           	04F4	0000	8
		PL90           		CODE           	0529	0000	13
		PL24           		CODE           	04D8	0000	11
		PL62           		CODE           	176C	0000	11
		PL120          		CODE           	17DD	0000	9
		PL34           		CODE           	1705	0000	29
		PL72           		CODE           	1796	0000	14
		PL44           		CODE           	174D	0000	7
		PL82           		CODE           	051D	0000	13
		PL130          		CODE           	056F	0000	9
		PL16           		CODE           	04C9	0000	16
		PL54           		CODE           	04FB	0000	8
		PL92           		CODE           	0E28	0000	13
		PL26           		CODE           	0E06	0000	14
		PL64           		CODE           	1776	0000	18
		PL102          		CODE           	0541	0000	9
		PL140          		CODE           	0E73	0000	7
		PL36           		CODE           	0E13	0000	8
		PL74           		CODE           	17A3	0000	5
		i1_TMR2_DisableInterrupt		CODE           	0785	0000	4
		i1_PWM1_LoadDutyValue		CODE           	1131	0000	7
		PL46           		CODE           	1753	0000	10
		PL84           		CODE           	17B5	0000	7
		_VOLUME        		STRCODE        	1805	0000	6
		i1_PWM4_LoadDutyValue		CODE           	1167	0000	7
		PL112          		CODE           	17D3	0000	11
		PL150          		CODE           	0E8B	0000	6
		PL18           		CODE           	16E2	0000	14
		PL56           		CODE           	0E23	0000	6
		PL94           		CODE           	0535	0000	13
		i1_IR_GetIndex 		CODE           	0388	0000	132
		PL28           		CODE           	16EF	0000	8
		PL66           		CODE           	1787	0000	16
		i1_EUSART_Write		CODE           	0118	0000	21
		PL122          		CODE           	054F	0000	9
		PL160          		CODE           	17F6	0000	6
		PL38           		CODE           	0F84	0000	23
		PL76           		CODE           	17A7	0000	5
		PL48           		CODE           	0E1A	0000	10
		PL86           		CODE           	17BB	0000	8
		PL132          		CODE           	0577	0000	9
		PL170          		CODE           	0E95	0000	6
		PL58           		CODE           	0502	0000	7
		PL96           		CODE           	17C2	0000	8
		PL68           		CODE           	0F9A	0000	10
		PL104          		CODE           	0E47	0000	11
		PL142          		CODE           	0E79	0000	7
		PL78           		CODE           	17AB	0000	11
		i1___wmul      		CODE           	0454	0000	22
		i1_TMR2_EnableInterrupt		CODE           	0782	0000	4
		PL88           		CODE           	0FA3	0000	8
		PL114          		CODE           	0E51	0000	11
		PL152          		CODE           	17E5	0000	7
		PL98           		CODE           	0E34	0000	13
		i1_Util_DecValue		CODE           	0469	0000	39
		i1_Util_IncValue		CODE           	048F	0000	39
		PL124          		CODE           	0557	0000	9
		PL162          		CODE           	0796	0000	6
		__initialization		CODE           	082F	0000	73
		PL134          		CODE           	057F	0000	9
		PL172          		CODE           	17FB	0000	6
		PL106          		CODE           	0549	0000	7
		PL144          		CODE           	0E7F	0000	7
		i1_PWM2_LoadDutyValue		CODE           	1143	0000	7
		i1_PWM5_LoadDutyValue		CODE           	1198	0000	16
		i1_TMR4_StartTimer		CODE           	04C6	0000	4
		PL116          		CODE           	0E5B	0000	11
		PL154          		CODE           	058F	0000	7
		PL126          		CODE           	055F	0000	9
		PL164          		CODE           	0E90	0000	6
		PL136          		CODE           	0E6B	0000	9
		i1_Led_UpdateBright		CODE           	04B5	0000	18
		PL108          		CODE           	0791	0000	6
		PL146          		CODE           	0EE7	0000	7
		PL118          		CODE           	0E65	0000	7
		PL156          		CODE           	17EB	0000	7
		i1_Led_StartNotice		CODE           	040B	0000	13
		PL128          		CODE           	0567	0000	9
		PL166          		CODE           	079B	0000	6
		PL138          		CODE           	0587	0000	9
		PL2            		CODE           	0DCC	0000	20
		PL148          		CODE           	0E85	0000	7
		i1_PWM3_LoadDutyValue		CODE           	1155	0000	7
		PL10           		CODE           	0F73	0000	18
		PL4            		CODE           	16BE	0000	18
		PL20           		CODE           	0DF0	0000	15
		PL158          		CODE           	17F1	0000	6
		PL30           		CODE           	16F6	0000	8
		PL6            		CODE           	0DDF	0000	18
		PL40           		CODE           	1721	0000	23
		PL168          		CODE           	07A0	0000	6

shared estimated size: 1333

driver/src/adc.c
		_ADC_Initialize_Default		CODE           	0FE4	0000	9
		_ADC_Conversion		CODE           	091B	0000	34

driver/src/adc.c estimated size: 43

user/src/audio.c
		_Audio_StopSound		CODE           	1557	0000	19
		_Audio_SetVolume		CODE           	1601	0000	23
		_Audio_GetValue		CODE           	08CA	0000	82
		_Audio_SetPlayMode		CODE           	1617	0000	24
		_Audio_SelectSound		CODE           	00FD	0000	28
		_Audio_PlaySound		CODE           	00EB	0000	19

user/src/audio.c estimated size: 195

